// Jest Snapshot v1, https://goo.gl/fbAQLP

exports[`components/Block Should render correctly 1`] = `
<div>
  <div
    class="sc-bcXHqe jUEyRL"
    data-testid="block"
  />
</div>
`;
